/home/xinyue.li/Mitosis/midi_yinyang/transformers_roformer_moe/src/transformers/models/roformer/grouped_gemm_util.py:3: UserWarning: pkg_resources is deprecated as an API. See https://setuptools.pypa.io/en/latest/pkg_resources.html. The pkg_resources package is slated for removal as early as 2025-11-30. Refrain from using this package or pin to Setuptools<81.
  from pkg_resources import packaging
/home/xinyue.li/Mitosis/midi_yinyang/cp_transformer_inference.py:75: UserWarning: To copy construct from a tensor, it is recommended to use sourceTensor.clone().detach() or sourceTensor.clone().detach().requires_grad_(True), rather than torch.tensor(sourceTensor).
  x = torch.tensor(byte_arr).unsqueeze(0)
[ckpt] auto-selected cp_transformer_v0.42_size1_pop909ft_tagged_long_batch_36_schedule.epoch=00.val_loss=0.34968.ckpt (val_loss=0.34968) from 1 val_loss-tagged ckpt(s) in ckpt/cp_transformer_v0.42_size1_pop909ft_tagged_long_batch_36_schedule
[main] ckpt = ckpt/cp_transformer_v0.42_size1_pop909ft_tagged_long_batch_36_schedule/cp_transformer_v0.42_size1_pop909ft_tagged_long_batch_36_schedule.epoch=00.val_loss=0.34968.ckpt
95 prompt MIDIs in temp/E1_v5b/prompts/merged_tagged
=== [1/95] temp/E1_v5b/prompts/merged_tagged/001.mid
torch.Size([1, 1120, 32])
Sampling 80 / 416
Sampling 90 / 416
Sampling 100 / 416
Sampling 110 / 416
Sampling 120 / 416
Sampling 130 / 416
Sampling 140 / 416
Sampling 150 / 416
Sampling 160 / 416
Sampling 170 / 416
Sampling 180 / 416
Sampling 190 / 416
Sampling 200 / 416
Sampling 210 / 416
Sampling 220 / 416
Sampling 230 / 416
Sampling 240 / 416
Sampling 250 / 416
Sampling 260 / 416
Sampling 270 / 416
Sampling 280 / 416
Sampling 290 / 416
Sampling 300 / 416
Sampling 310 / 416
Sampling 320 / 416
Sampling 330 / 416
Sampling 340 / 416
Sampling 350 / 416
Sampling 360 / 416
Sampling 370 / 416
Sampling 380 / 416
Sampling 390 / 416
Sampling 400 / 416
Sampling 410 / 416
=== [2/95] temp/E1_v5b/prompts/merged_tagged/002.mid
torch.Size([1, 920, 32])
Sampling 80 / 416
Sampling 90 / 416
Sampling 100 / 416
Sampling 110 / 416
Sampling 120 / 416
Sampling 130 / 416
Sampling 140 / 416
Sampling 150 / 416
Sampling 160 / 416
Sampling 170 / 416
Sampling 180 / 416
Sampling 190 / 416
Sampling 200 / 416
Sampling 210 / 416
Sampling 220 / 416
Sampling 230 / 416
Sampling 240 / 416
Sampling 250 / 416
Sampling 260 / 416
Sampling 270 / 416
Sampling 280 / 416
Sampling 290 / 416
Sampling 300 / 416
Sampling 310 / 416
Sampling 320 / 416
Sampling 330 / 416
Sampling 340 / 416
Sampling 350 / 416
Sampling 360 / 416
Sampling 370 / 416
Sampling 380 / 416
Sampling 390 / 416
Sampling 400 / 416
Sampling 410 / 416
=== [3/95] temp/E1_v5b/prompts/merged_tagged/003.mid
torch.Size([1, 1132, 32])
Sampling 80 / 416
Sampling 90 / 416
Sampling 100 / 416
Sampling 110 / 416
Sampling 120 / 416
Sampling 130 / 416
Sampling 140 / 416
Sampling 150 / 416
Sampling 160 / 416
Sampling 170 / 416
Sampling 180 / 416
Sampling 190 / 416
Sampling 200 / 416
Sampling 210 / 416
Sampling 220 / 416
Sampling 230 / 416
Sampling 240 / 416
Sampling 250 / 416
Sampling 260 / 416
Sampling 270 / 416
Sampling 280 / 416
Sampling 290 / 416
Sampling 300 / 416
Sampling 310 / 416
Sampling 320 / 416
Sampling 330 / 416
Sampling 340 / 416
Sampling 350 / 416
Sampling 360 / 416
Sampling 370 / 416
Sampling 380 / 416
Sampling 390 / 416
Sampling 400 / 416
Sampling 410 / 416
=== [4/95] temp/E1_v5b/prompts/merged_tagged/004.mid
torch.Size([1, 928, 32])
Sampling 80 / 416
Sampling 90 / 416
Sampling 100 / 416
Sampling 110 / 416
Sampling 120 / 416
Sampling 130 / 416
Sampling 140 / 416
Sampling 150 / 416
Sampling 160 / 416
Sampling 170 / 416
Sampling 180 / 416
Sampling 190 / 416
Sampling 200 / 416
Sampling 210 / 416
Sampling 220 / 416
Sampling 230 / 416
Sampling 240 / 416
Sampling 250 / 416
Sampling 260 / 416
Sampling 270 / 416
Sampling 280 / 416
Sampling 290 / 416
Sampling 300 / 416
Sampling 310 / 416
Sampling 320 / 416
Sampling 330 / 416
Sampling 340 / 416
Sampling 350 / 416
Sampling 360 / 416
Sampling 370 / 416
Sampling 380 / 416
Sampling 390 / 416
Sampling 400 / 416
Sampling 410 / 416
=== [5/95] temp/E1_v5b/prompts/merged_tagged/005.mid
torch.Size([1, 1168, 32])
Sampling 80 / 416
Sampling 90 / 416
Sampling 100 / 416
Sampling 110 / 416
Sampling 120 / 416
Sampling 130 / 416
Sampling 140 / 416
Sampling 150 / 416
Sampling 160 / 416
Sampling 170 / 416
Sampling 180 / 416
Sampling 190 / 416
Sampling 200 / 416
Sampling 210 / 416
Sampling 220 / 416
Sampling 230 / 416
Sampling 240 / 416
Sampling 250 / 416
Sampling 260 / 416
Sampling 270 / 416
Sampling 280 / 416
Sampling 290 / 416
Sampling 300 / 416
Sampling 310 / 416
Sampling 320 / 416
Sampling 330 / 416
Sampling 340 / 416
Sampling 350 / 416
Sampling 360 / 416
Sampling 370 / 416
Sampling 380 / 416
Sampling 390 / 416
Sampling 400 / 416
Sampling 410 / 416
=== [6/95] temp/E1_v5b/prompts/merged_tagged/006.mid
torch.Size([1, 1760, 32])
Sampling 80 / 416
Sampling 90 / 416
Sampling 100 / 416
Sampling 110 / 416
Sampling 120 / 416
Sampling 130 / 416
Sampling 140 / 416
Sampling 150 / 416
Sampling 160 / 416
Sampling 170 / 416
Sampling 180 / 416
Sampling 190 / 416
Sampling 200 / 416
Sampling 210 / 416
Sampling 220 / 416
Sampling 230 / 416
Sampling 240 / 416
Sampling 250 / 416
Sampling 260 / 416
Sampling 270 / 416
Sampling 280 / 416
Sampling 290 / 416
Sampling 300 / 416
Sampling 310 / 416
Sampling 320 / 416
Sampling 330 / 416
Sampling 340 / 416
Sampling 350 / 416
Sampling 360 / 416
Sampling 370 / 416
Sampling 380 / 416
Sampling 390 / 416
Sampling 400 / 416
Sampling 410 / 416
=== [7/95] temp/E1_v5b/prompts/merged_tagged/016.mid
torch.Size([1, 1104, 32])
Sampling 80 / 416
Sampling 90 / 416
Sampling 100 / 416
Sampling 110 / 416
Sampling 120 / 416
Sampling 130 / 416
Sampling 140 / 416
Sampling 150 / 416
Sampling 160 / 416
Sampling 170 / 416
Sampling 180 / 416
Sampling 190 / 416
Sampling 200 / 416
Sampling 210 / 416
Sampling 220 / 416
Sampling 230 / 416
Sampling 240 / 416
Sampling 250 / 416
Sampling 260 / 416
Sampling 270 / 416
Sampling 280 / 416
Sampling 290 / 416
Sampling 300 / 416
Sampling 310 / 416
Sampling 320 / 416
Sampling 330 / 416
Sampling 340 / 416
Sampling 350 / 416
Sampling 360 / 416
Sampling 370 / 416
Sampling 380 / 416
Sampling 390 / 416
Sampling 400 / 416
Sampling 410 / 416
=== [8/95] temp/E1_v5b/prompts/merged_tagged/026.mid
torch.Size([1, 988, 32])
Sampling 80 / 416
Sampling 90 / 416
Sampling 100 / 416
Sampling 110 / 416
Sampling 120 / 416
Sampling 130 / 416
Sampling 140 / 416
Sampling 150 / 416
Sampling 160 / 416
Sampling 170 / 416
Sampling 180 / 416
Sampling 190 / 416
Sampling 200 / 416
Sampling 210 / 416
Sampling 220 / 416
Sampling 230 / 416
Sampling 240 / 416
Sampling 250 / 416
Sampling 260 / 416
Sampling 270 / 416
Sampling 280 / 416
Sampling 290 / 416
Sampling 300 / 416
Sampling 310 / 416
Sampling 320 / 416
Sampling 330 / 416
Sampling 340 / 416
Sampling 350 / 416
Sampling 360 / 416
Sampling 370 / 416
Sampling 380 / 416
Sampling 390 / 416
Sampling 400 / 416
Sampling 410 / 416
=== [9/95] temp/E1_v5b/prompts/merged_tagged/036.mid
torch.Size([1, 1512, 32])
Sampling 80 / 416
Sampling 90 / 416
Sampling 100 / 416
Sampling 110 / 416
Sampling 120 / 416
Sampling 130 / 416
Sampling 140 / 416
Sampling 150 / 416
Sampling 160 / 416
Sampling 170 / 416
Sampling 180 / 416
Sampling 190 / 416
Sampling 200 / 416
Sampling 210 / 416
Sampling 220 / 416
Sampling 230 / 416
Sampling 240 / 416
Sampling 250 / 416
Sampling 260 / 416
Sampling 270 / 416
Sampling 280 / 416
Sampling 290 / 416
Sampling 300 / 416
Sampling 310 / 416
Sampling 320 / 416
Sampling 330 / 416
Sampling 340 / 416
Sampling 350 / 416
Sampling 360 / 416
Sampling 370 / 416
Sampling 380 / 416
Sampling 390 / 416
Sampling 400 / 416
Sampling 410 / 416
=== [10/95] temp/E1_v5b/prompts/merged_tagged/046.mid
torch.Size([1, 1732, 32])
Sampling 80 / 416
Sampling 90 / 416
Sampling 100 / 416
Sampling 110 / 416
Sampling 120 / 416
Sampling 130 / 416
Sampling 140 / 416
Sampling 150 / 416
Sampling 160 / 416
Sampling 170 / 416
Sampling 180 / 416
Sampling 190 / 416
Sampling 200 / 416
Sampling 210 / 416
Sampling 220 / 416
Sampling 230 / 416
Sampling 240 / 416
Sampling 250 / 416
Sampling 260 / 416
Sampling 270 / 416
Sampling 280 / 416
Sampling 290 / 416
Sampling 300 / 416
Sampling 310 / 416
Sampling 320 / 416
Sampling 330 / 416
Sampling 340 / 416
Sampling 350 / 416
Sampling 360 / 416
Sampling 370 / 416
Sampling 380 / 416
Sampling 390 / 416
Sampling 400 / 416
Sampling 410 / 416
=== [11/95] temp/E1_v5b/prompts/merged_tagged/056.mid
torch.Size([1, 1516, 32])
Sampling 80 / 416
Sampling 90 / 416
Sampling 100 / 416
Sampling 110 / 416
Sampling 120 / 416
Sampling 130 / 416
Sampling 140 / 416
Sampling 150 / 416
Sampling 160 / 416
Sampling 170 / 416
Sampling 180 / 416
Sampling 190 / 416
Sampling 200 / 416
Sampling 210 / 416
Sampling 220 / 416
Sampling 230 / 416
Sampling 240 / 416
Sampling 250 / 416
Sampling 260 / 416
Sampling 270 / 416
Sampling 280 / 416
Sampling 290 / 416
Sampling 300 / 416
Sampling 310 / 416
Sampling 320 / 416
Sampling 330 / 416
Sampling 340 / 416
Sampling 350 / 416
Sampling 360 / 416
Sampling 370 / 416
Sampling 380 / 416
Sampling 390 / 416
Sampling 400 / 416
Sampling 410 / 416
=== [12/95] temp/E1_v5b/prompts/merged_tagged/066.mid
torch.Size([1, 1620, 32])
Sampling 80 / 416
Sampling 90 / 416
Sampling 100 / 416
Sampling 110 / 416
Sampling 120 / 416
Sampling 130 / 416
Sampling 140 / 416
Sampling 150 / 416
Sampling 160 / 416
Sampling 170 / 416
Sampling 180 / 416
Sampling 190 / 416
Sampling 200 / 416
Sampling 210 / 416
Sampling 220 / 416
Sampling 230 / 416
Sampling 240 / 416
Sampling 250 / 416
Sampling 260 / 416
Sampling 270 / 416
Sampling 280 / 416
Sampling 290 / 416
Sampling 300 / 416
Sampling 310 / 416
Sampling 320 / 416
Sampling 330 / 416
Sampling 340 / 416
Sampling 350 / 416
Sampling 360 / 416
Sampling 370 / 416
Sampling 380 / 416
Sampling 390 / 416
Sampling 400 / 416
Sampling 410 / 416
=== [13/95] temp/E1_v5b/prompts/merged_tagged/076.mid
torch.Size([1, 1544, 32])
Sampling 80 / 416
Sampling 90 / 416
Sampling 100 / 416
Sampling 110 / 416
Sampling 120 / 416
Sampling 130 / 416
Sampling 140 / 416
Sampling 150 / 416
Sampling 160 / 416
Sampling 170 / 416
Sampling 180 / 416
Sampling 190 / 416
Sampling 200 / 416
Sampling 210 / 416
Sampling 220 / 416
Sampling 230 / 416
Sampling 240 / 416
Sampling 250 / 416
Sampling 260 / 416
Sampling 270 / 416
Sampling 280 / 416
Sampling 290 / 416
Sampling 300 / 416
Sampling 310 / 416
Sampling 320 / 416
Sampling 330 / 416
Sampling 340 / 416
Sampling 350 / 416
Sampling 360 / 416
Sampling 370 / 416
Sampling 380 / 416
Sampling 390 / 416
Sampling 400 / 416
Sampling 410 / 416
=== [14/95] temp/E1_v5b/prompts/merged_tagged/086.mid
torch.Size([1, 1016, 32])
Sampling 80 / 416
Sampling 90 / 416
Sampling 100 / 416
Sampling 110 / 416
Sampling 120 / 416
Sampling 130 / 416
Sampling 140 / 416
Sampling 150 / 416
Sampling 160 / 416
Sampling 170 / 416
Sampling 180 / 416
Sampling 190 / 416
Sampling 200 / 416
Sampling 210 / 416
Sampling 220 / 416
Sampling 230 / 416
Sampling 240 / 416
Sampling 250 / 416
Sampling 260 / 416
Sampling 270 / 416
Sampling 280 / 416
Sampling 290 / 416
Sampling 300 / 416
Sampling 310 / 416
Sampling 320 / 416
Sampling 330 / 416
Sampling 340 / 416
Sampling 350 / 416
Sampling 360 / 416
Sampling 370 / 416
Sampling 380 / 416
Sampling 390 / 416
Sampling 400 / 416
Sampling 410 / 416
=== [15/95] temp/E1_v5b/prompts/merged_tagged/096.mid
torch.Size([1, 1444, 32])
Sampling 80 / 416
Sampling 90 / 416
Sampling 100 / 416
Sampling 110 / 416
Sampling 120 / 416
Sampling 130 / 416
Sampling 140 / 416
Sampling 150 / 416
Sampling 160 / 416
Sampling 170 / 416
Sampling 180 / 416
Sampling 190 / 416
Sampling 200 / 416
Sampling 210 / 416
Sampling 220 / 416
Sampling 230 / 416
Sampling 240 / 416
Sampling 250 / 416
Sampling 260 / 416
Sampling 270 / 416
Sampling 280 / 416
Sampling 290 / 416
Sampling 300 / 416
Sampling 310 / 416
Sampling 320 / 416
Sampling 330 / 416
Sampling 340 / 416
Sampling 350 / 416
Sampling 360 / 416
Sampling 370 / 416
Sampling 380 / 416
Sampling 390 / 416
Sampling 400 / 416
Sampling 410 / 416
=== [16/95] temp/E1_v5b/prompts/merged_tagged/106.mid
torch.Size([1, 1344, 32])
Sampling 80 / 416
Sampling 90 / 416
Sampling 100 / 416
Sampling 110 / 416
Sampling 120 / 416
Sampling 130 / 416
Sampling 140 / 416
Sampling 150 / 416
Sampling 160 / 416
Sampling 170 / 416
Sampling 180 / 416
Sampling 190 / 416
Sampling 200 / 416
Sampling 210 / 416
Sampling 220 / 416
Sampling 230 / 416
Sampling 240 / 416
Sampling 250 / 416
Sampling 260 / 416
Sampling 270 / 416
Sampling 280 / 416
Sampling 290 / 416
Sampling 300 / 416
Sampling 310 / 416
Sampling 320 / 416
Sampling 330 / 416
Sampling 340 / 416
Sampling 350 / 416
Sampling 360 / 416
Sampling 370 / 416
Sampling 380 / 416
Sampling 390 / 416
Sampling 400 / 416
Sampling 410 / 416
=== [17/95] temp/E1_v5b/prompts/merged_tagged/116.mid
torch.Size([1, 800, 32])
Sampling 80 / 416
Sampling 90 / 416
Sampling 100 / 416
Sampling 110 / 416
Sampling 120 / 416
Sampling 130 / 416
Sampling 140 / 416
Sampling 150 / 416
Sampling 160 / 416
Sampling 170 / 416
Sampling 180 / 416
Sampling 190 / 416
Sampling 200 / 416
Sampling 210 / 416
Sampling 220 / 416
Sampling 230 / 416
Sampling 240 / 416
Sampling 250 / 416
Sampling 260 / 416
Sampling 270 / 416
Sampling 280 / 416
Sampling 290 / 416
Sampling 300 / 416
Sampling 310 / 416
Sampling 320 / 416
Sampling 330 / 416
Sampling 340 / 416
Sampling 350 / 416
Sampling 360 / 416
Sampling 370 / 416
Sampling 380 / 416
Sampling 390 / 416
Sampling 400 / 416
Sampling 410 / 416
=== [18/95] temp/E1_v5b/prompts/merged_tagged/126.mid
torch.Size([1, 1344, 32])
Sampling 80 / 416
Sampling 90 / 416
Sampling 100 / 416
Sampling 110 / 416
Sampling 120 / 416
Sampling 130 / 416
Sampling 140 / 416
Sampling 150 / 416
Sampling 160 / 416
Sampling 170 / 416
Sampling 180 / 416
Sampling 190 / 416
Sampling 200 / 416
Sampling 210 / 416
Sampling 220 / 416
Sampling 230 / 416
Sampling 240 / 416
Sampling 250 / 416
Sampling 260 / 416
Sampling 270 / 416
Sampling 280 / 416
Sampling 290 / 416
Sampling 300 / 416
Sampling 310 / 416
Sampling 320 / 416
Sampling 330 / 416
Sampling 340 / 416
Sampling 350 / 416
Sampling 360 / 416
Sampling 370 / 416
Sampling 380 / 416
Sampling 390 / 416
Sampling 400 / 416
Sampling 410 / 416
=== [19/95] temp/E1_v5b/prompts/merged_tagged/136.mid
torch.Size([1, 1124, 32])
Sampling 80 / 416
Sampling 90 / 416
Sampling 100 / 416
Sampling 110 / 416
Sampling 120 / 416
Sampling 130 / 416
Sampling 140 / 416
Sampling 150 / 416
Sampling 160 / 416
Sampling 170 / 416
Sampling 180 / 416
Sampling 190 / 416
Sampling 200 / 416
Sampling 210 / 416
Sampling 220 / 416
Sampling 230 / 416
Sampling 240 / 416
Sampling 250 / 416
Sampling 260 / 416
Sampling 270 / 416
Sampling 280 / 416
Sampling 290 / 416
Sampling 300 / 416
Sampling 310 / 416
Sampling 320 / 416
Sampling 330 / 416
Sampling 340 / 416
Sampling 350 / 416
Sampling 360 / 416
Sampling 370 / 416
Sampling 380 / 416
Sampling 390 / 416
Sampling 400 / 416
Sampling 410 / 416
=== [20/95] temp/E1_v5b/prompts/merged_tagged/146.mid
torch.Size([1, 1440, 32])
Sampling 80 / 416
Sampling 90 / 416
Sampling 100 / 416
Sampling 110 / 416
Sampling 120 / 416
Sampling 130 / 416
Sampling 140 / 416
Sampling 150 / 416
Sampling 160 / 416
Sampling 170 / 416
Sampling 180 / 416
Sampling 190 / 416
Sampling 200 / 416
Sampling 210 / 416
Sampling 220 / 416
Sampling 230 / 416
Sampling 240 / 416
Sampling 250 / 416
Sampling 260 / 416
Sampling 270 / 416
Sampling 280 / 416
Sampling 290 / 416
Sampling 300 / 416
Sampling 310 / 416
Sampling 320 / 416
Sampling 330 / 416
Sampling 340 / 416
Sampling 350 / 416
Sampling 360 / 416
Sampling 370 / 416
Sampling 380 / 416
Sampling 390 / 416
Sampling 400 / 416
Sampling 410 / 416
=== [21/95] temp/E1_v5b/prompts/merged_tagged/156.mid
torch.Size([1, 1664, 32])
Sampling 80 / 416
Sampling 90 / 416
Sampling 100 / 416
Sampling 110 / 416
Sampling 120 / 416
Sampling 130 / 416
Sampling 140 / 416
Sampling 150 / 416
Sampling 160 / 416
Sampling 170 / 416
Sampling 180 / 416
Sampling 190 / 416
Sampling 200 / 416
Sampling 210 / 416
Sampling 220 / 416
Sampling 230 / 416
Sampling 240 / 416
Sampling 250 / 416
Sampling 260 / 416
Sampling 270 / 416
Sampling 280 / 416
Sampling 290 / 416
Sampling 300 / 416
Sampling 310 / 416
Sampling 320 / 416
Sampling 330 / 416
Sampling 340 / 416
Sampling 350 / 416
Sampling 360 / 416
Sampling 370 / 416
Sampling 380 / 416
Sampling 390 / 416
Sampling 400 / 416
Sampling 410 / 416
=== [22/95] temp/E1_v5b/prompts/merged_tagged/166.mid
torch.Size([1, 1208, 32])
Sampling 80 / 416
Sampling 90 / 416
Sampling 100 / 416
Sampling 110 / 416
Sampling 120 / 416
Sampling 130 / 416
Sampling 140 / 416
Sampling 150 / 416
Sampling 160 / 416
Sampling 170 / 416
Sampling 180 / 416
Sampling 190 / 416
Sampling 200 / 416
Sampling 210 / 416
Sampling 220 / 416
Sampling 230 / 416
Sampling 240 / 416
Sampling 250 / 416
Sampling 260 / 416
Sampling 270 / 416
Sampling 280 / 416
Sampling 290 / 416
Sampling 300 / 416
Sampling 310 / 416
Sampling 320 / 416
Sampling 330 / 416
Sampling 340 / 416
Sampling 350 / 416
Sampling 360 / 416
Sampling 370 / 416
Sampling 380 / 416
Sampling 390 / 416
Sampling 400 / 416
Sampling 410 / 416
=== [23/95] temp/E1_v5b/prompts/merged_tagged/176.mid
torch.Size([1, 992, 32])
Sampling 80 / 416
Sampling 90 / 416
Sampling 100 / 416
Sampling 110 / 416
Sampling 120 / 416
Sampling 130 / 416
Sampling 140 / 416
Sampling 150 / 416
Sampling 160 / 416
Sampling 170 / 416
Sampling 180 / 416
Sampling 190 / 416
Sampling 200 / 416
Sampling 210 / 416
Sampling 220 / 416
Sampling 230 / 416
Sampling 240 / 416
Sampling 250 / 416
Sampling 260 / 416
Sampling 270 / 416
Sampling 280 / 416
Sampling 290 / 416
Sampling 300 / 416
Sampling 310 / 416
Sampling 320 / 416
Sampling 330 / 416
Sampling 340 / 416
Sampling 350 / 416
Sampling 360 / 416
Sampling 370 / 416
Sampling 380 / 416
Sampling 390 / 416
Sampling 400 / 416
Sampling 410 / 416
=== [24/95] temp/E1_v5b/prompts/merged_tagged/186.mid
torch.Size([1, 992, 32])
Sampling 80 / 416
Sampling 90 / 416
Sampling 100 / 416
Sampling 110 / 416
Sampling 120 / 416
Sampling 130 / 416
Sampling 140 / 416
Sampling 150 / 416
Sampling 160 / 416
Sampling 170 / 416
Sampling 180 / 416
Sampling 190 / 416
Sampling 200 / 416
Sampling 210 / 416
Sampling 220 / 416
Sampling 230 / 416
Sampling 240 / 416
Sampling 250 / 416
Sampling 260 / 416
Sampling 270 / 416
Sampling 280 / 416
Sampling 290 / 416
Sampling 300 / 416
Sampling 310 / 416
Sampling 320 / 416
Sampling 330 / 416
Sampling 340 / 416
Sampling 350 / 416
Sampling 360 / 416
Sampling 370 / 416
Sampling 380 / 416
Sampling 390 / 416
Sampling 400 / 416
Sampling 410 / 416
=== [25/95] temp/E1_v5b/prompts/merged_tagged/196.mid
torch.Size([1, 3036, 32])
Sampling 80 / 416
Sampling 90 / 416
Sampling 100 / 416
Sampling 110 / 416
Sampling 120 / 416
Sampling 130 / 416
Sampling 140 / 416
Sampling 150 / 416
Sampling 160 / 416
Sampling 170 / 416
Sampling 180 / 416
Sampling 190 / 416
Sampling 200 / 416
Sampling 210 / 416
Sampling 220 / 416
Sampling 230 / 416
Sampling 240 / 416
Sampling 250 / 416
Sampling 260 / 416
Sampling 270 / 416
Sampling 280 / 416
Sampling 290 / 416
Sampling 300 / 416
Sampling 310 / 416
Sampling 320 / 416
Sampling 330 / 416
Sampling 340 / 416
Sampling 350 / 416
Sampling 360 / 416
Sampling 370 / 416
Sampling 380 / 416
Sampling 390 / 416
Sampling 400 / 416
Sampling 410 / 416
=== [26/95] temp/E1_v5b/prompts/merged_tagged/206.mid
torch.Size([1, 1420, 32])
Sampling 80 / 416
Sampling 90 / 416
Sampling 100 / 416
Sampling 110 / 416
Sampling 120 / 416
Sampling 130 / 416
Sampling 140 / 416
Sampling 150 / 416
Sampling 160 / 416
Sampling 170 / 416
Sampling 180 / 416
Sampling 190 / 416
Sampling 200 / 416
Sampling 210 / 416
Sampling 220 / 416
Sampling 230 / 416
Sampling 240 / 416
Sampling 250 / 416
Sampling 260 / 416
Sampling 270 / 416
Sampling 280 / 416
Sampling 290 / 416
Sampling 300 / 416
Sampling 310 / 416
Sampling 320 / 416
Sampling 330 / 416
Sampling 340 / 416
Sampling 350 / 416
Sampling 360 / 416
Sampling 370 / 416
Sampling 380 / 416
Sampling 390 / 416
Sampling 400 / 416
Sampling 410 / 416
=== [27/95] temp/E1_v5b/prompts/merged_tagged/216.mid
torch.Size([1, 1852, 32])
Sampling 80 / 416
Sampling 90 / 416
Sampling 100 / 416
Sampling 110 / 416
Sampling 120 / 416
Sampling 130 / 416
Sampling 140 / 416
Sampling 150 / 416
Sampling 160 / 416
Sampling 170 / 416
Sampling 180 / 416
Sampling 190 / 416
Sampling 200 / 416
Sampling 210 / 416
Sampling 220 / 416
Sampling 230 / 416
Sampling 240 / 416
Sampling 250 / 416
Sampling 260 / 416
Sampling 270 / 416
Sampling 280 / 416
Sampling 290 / 416
Sampling 300 / 416
Sampling 310 / 416
Sampling 320 / 416
Sampling 330 / 416
Sampling 340 / 416
Sampling 350 / 416
Sampling 360 / 416
Sampling 370 / 416
Sampling 380 / 416
Sampling 390 / 416
Sampling 400 / 416
Sampling 410 / 416
=== [28/95] temp/E1_v5b/prompts/merged_tagged/226.mid
torch.Size([1, 1112, 32])
Sampling 80 / 416
Sampling 90 / 416
Sampling 100 / 416
Sampling 110 / 416
Sampling 120 / 416
Sampling 130 / 416
Sampling 140 / 416
Sampling 150 / 416
Sampling 160 / 416
Sampling 170 / 416
Sampling 180 / 416
Sampling 190 / 416
Sampling 200 / 416
Sampling 210 / 416
Sampling 220 / 416
Sampling 230 / 416
Sampling 240 / 416
Sampling 250 / 416
Sampling 260 / 416
Sampling 270 / 416
Sampling 280 / 416
Sampling 290 / 416
Sampling 300 / 416
Sampling 310 / 416
Sampling 320 / 416
Sampling 330 / 416
Sampling 340 / 416
Sampling 350 / 416
Sampling 360 / 416
Sampling 370 / 416
Sampling 380 / 416
Sampling 390 / 416
Sampling 400 / 416
Sampling 410 / 416
=== [29/95] temp/E1_v5b/prompts/merged_tagged/236.mid
torch.Size([1, 2081, 32])
Sampling 80 / 416
Sampling 90 / 416
Sampling 100 / 416
Sampling 110 / 416
Sampling 120 / 416
Sampling 130 / 416
Sampling 140 / 416
Sampling 150 / 416
Sampling 160 / 416
Sampling 170 / 416
Sampling 180 / 416
Sampling 190 / 416
Sampling 200 / 416
Sampling 210 / 416
Sampling 220 / 416
Sampling 230 / 416
Sampling 240 / 416
Sampling 250 / 416
Sampling 260 / 416
Sampling 270 / 416
Sampling 280 / 416
Sampling 290 / 416
Sampling 300 / 416
Sampling 310 / 416
Sampling 320 / 416
Sampling 330 / 416
Sampling 340 / 416
Sampling 350 / 416
Sampling 360 / 416
Sampling 370 / 416
Sampling 380 / 416
Sampling 390 / 416
Sampling 400 / 416
Sampling 410 / 416
=== [30/95] temp/E1_v5b/prompts/merged_tagged/246.mid
torch.Size([1, 1480, 32])
Sampling 80 / 416
Sampling 90 / 416
Sampling 100 / 416
Sampling 110 / 416
Sampling 120 / 416
Sampling 130 / 416
Sampling 140 / 416
Sampling 150 / 416
Sampling 160 / 416
Sampling 170 / 416
Sampling 180 / 416
Sampling 190 / 416
Sampling 200 / 416
Sampling 210 / 416
Sampling 220 / 416
Sampling 230 / 416
Sampling 240 / 416
Sampling 250 / 416
Sampling 260 / 416
Sampling 270 / 416
Sampling 280 / 416
Sampling 290 / 416
Sampling 300 / 416
Sampling 310 / 416
Sampling 320 / 416
Sampling 330 / 416
Sampling 340 / 416
Sampling 350 / 416
Sampling 360 / 416
Sampling 370 / 416
Sampling 380 / 416
Sampling 390 / 416
Sampling 400 / 416
Sampling 410 / 416
=== [31/95] temp/E1_v5b/prompts/merged_tagged/256.mid
torch.Size([1, 864, 32])
Sampling 80 / 416
Sampling 90 / 416
Sampling 100 / 416
Sampling 110 / 416
Sampling 120 / 416
Sampling 130 / 416
Sampling 140 / 416
Sampling 150 / 416
Sampling 160 / 416
Sampling 170 / 416
Sampling 180 / 416
Sampling 190 / 416
Sampling 200 / 416
Sampling 210 / 416
Sampling 220 / 416
Sampling 230 / 416
Sampling 240 / 416
Sampling 250 / 416
Sampling 260 / 416
Sampling 270 / 416
Sampling 280 / 416
Sampling 290 / 416
Sampling 300 / 416
Sampling 310 / 416
Sampling 320 / 416
Sampling 330 / 416
Sampling 340 / 416
Sampling 350 / 416
Sampling 360 / 416
Sampling 370 / 416
Sampling 380 / 416
Sampling 390 / 416
Sampling 400 / 416
Sampling 410 / 416
=== [32/95] temp/E1_v5b/prompts/merged_tagged/266.mid
torch.Size([1, 1424, 32])
Sampling 80 / 416
Sampling 90 / 416
Sampling 100 / 416
Sampling 110 / 416
Sampling 120 / 416
Sampling 130 / 416
Sampling 140 / 416
Sampling 150 / 416
Sampling 160 / 416
Sampling 170 / 416
Sampling 180 / 416
Sampling 190 / 416
Sampling 200 / 416
Sampling 210 / 416
Sampling 220 / 416
Sampling 230 / 416
Sampling 240 / 416
Sampling 250 / 416
Sampling 260 / 416
Sampling 270 / 416
Sampling 280 / 416
Sampling 290 / 416
Sampling 300 / 416
Sampling 310 / 416
Sampling 320 / 416
Sampling 330 / 416
Sampling 340 / 416
Sampling 350 / 416
Sampling 360 / 416
Sampling 370 / 416
Sampling 380 / 416
Sampling 390 / 416
Sampling 400 / 416
Sampling 410 / 416
=== [33/95] temp/E1_v5b/prompts/merged_tagged/276.mid
torch.Size([1, 1048, 32])
Sampling 80 / 416
Sampling 90 / 416
Sampling 100 / 416
Sampling 110 / 416
Sampling 120 / 416
Sampling 130 / 416
Sampling 140 / 416
Sampling 150 / 416
Sampling 160 / 416
Sampling 170 / 416
Sampling 180 / 416
Sampling 190 / 416
Sampling 200 / 416
Sampling 210 / 416
Sampling 220 / 416
Sampling 230 / 416
Sampling 240 / 416
Sampling 250 / 416
Sampling 260 / 416
Sampling 270 / 416
Sampling 280 / 416
Sampling 290 / 416
Sampling 300 / 416
Sampling 310 / 416
Sampling 320 / 416
Sampling 330 / 416
Sampling 340 / 416
Sampling 350 / 416
Sampling 360 / 416
Sampling 370 / 416
Sampling 380 / 416
Sampling 390 / 416
Sampling 400 / 416
Sampling 410 / 416
=== [34/95] temp/E1_v5b/prompts/merged_tagged/286.mid
torch.Size([1, 932, 32])
Sampling 80 / 416
Sampling 90 / 416
Sampling 100 / 416
Sampling 110 / 416
Sampling 120 / 416
Sampling 130 / 416
Sampling 140 / 416
Sampling 150 / 416
Sampling 160 / 416
Sampling 170 / 416
Sampling 180 / 416
Sampling 190 / 416
Sampling 200 / 416
Sampling 210 / 416
Sampling 220 / 416
Sampling 230 / 416
Sampling 240 / 416
Sampling 250 / 416
Sampling 260 / 416
Sampling 270 / 416
Sampling 280 / 416
Sampling 290 / 416
Sampling 300 / 416
Sampling 310 / 416
Sampling 320 / 416
Sampling 330 / 416
Sampling 340 / 416
Sampling 350 / 416
Sampling 360 / 416
Sampling 370 / 416
Sampling 380 / 416
Sampling 390 / 416
Sampling 400 / 416
Sampling 410 / 416
=== [35/95] temp/E1_v5b/prompts/merged_tagged/296.mid
torch.Size([1, 808, 32])
Sampling 80 / 416
Sampling 90 / 416
Sampling 100 / 416
Sampling 110 / 416
Sampling 120 / 416
Sampling 130 / 416
Sampling 140 / 416
Sampling 150 / 416
Sampling 160 / 416
Sampling 170 / 416
Sampling 180 / 416
Sampling 190 / 416
Sampling 200 / 416
Sampling 210 / 416
Sampling 220 / 416
Sampling 230 / 416
Sampling 240 / 416
Sampling 250 / 416
Sampling 260 / 416
Sampling 270 / 416
Sampling 280 / 416
Sampling 290 / 416
Sampling 300 / 416
Sampling 310 / 416
Sampling 320 / 416
Sampling 330 / 416
Sampling 340 / 416
Sampling 350 / 416
Sampling 360 / 416
Sampling 370 / 416
Sampling 380 / 416
Sampling 390 / 416
Sampling 400 / 416
Sampling 410 / 416
=== [36/95] temp/E1_v5b/prompts/merged_tagged/306.mid
torch.Size([1, 1452, 32])
Sampling 80 / 416
Sampling 90 / 416
Sampling 100 / 416
Sampling 110 / 416
Sampling 120 / 416
Sampling 130 / 416
Sampling 140 / 416
Sampling 150 / 416
Sampling 160 / 416
Sampling 170 / 416
Sampling 180 / 416
Sampling 190 / 416
Sampling 200 / 416
Sampling 210 / 416
Sampling 220 / 416
Sampling 230 / 416
Sampling 240 / 416
Sampling 250 / 416
Sampling 260 / 416
Sampling 270 / 416
Sampling 280 / 416
Sampling 290 / 416
Sampling 300 / 416
Sampling 310 / 416
Sampling 320 / 416
Sampling 330 / 416
Sampling 340 / 416
Sampling 350 / 416
Sampling 360 / 416
Sampling 370 / 416
Sampling 380 / 416
Sampling 390 / 416
Sampling 400 / 416
Sampling 410 / 416
=== [37/95] temp/E1_v5b/prompts/merged_tagged/316.mid
torch.Size([1, 1088, 32])
Sampling 80 / 416
Sampling 90 / 416
Sampling 100 / 416
Sampling 110 / 416
Sampling 120 / 416
Sampling 130 / 416
Sampling 140 / 416
Sampling 150 / 416
Sampling 160 / 416
Sampling 170 / 416
Sampling 180 / 416
Sampling 190 / 416
Sampling 200 / 416
Sampling 210 / 416
Sampling 220 / 416
Sampling 230 / 416
Sampling 240 / 416
Sampling 250 / 416
Sampling 260 / 416
Sampling 270 / 416
Sampling 280 / 416
Sampling 290 / 416
Sampling 300 / 416
Sampling 310 / 416
Sampling 320 / 416
Sampling 330 / 416
Sampling 340 / 416
Sampling 350 / 416
Sampling 360 / 416
Sampling 370 / 416
Sampling 380 / 416
Sampling 390 / 416
Sampling 400 / 416
Sampling 410 / 416
=== [38/95] temp/E1_v5b/prompts/merged_tagged/336.mid
torch.Size([1, 1652, 32])
Sampling 80 / 416
Sampling 90 / 416
Sampling 100 / 416
Sampling 110 / 416
Sampling 120 / 416
Sampling 130 / 416
Sampling 140 / 416
Sampling 150 / 416
Sampling 160 / 416
Sampling 170 / 416
Sampling 180 / 416
Sampling 190 / 416
Sampling 200 / 416
Sampling 210 / 416
Sampling 220 / 416
Sampling 230 / 416
Sampling 240 / 416
Sampling 250 / 416
Sampling 260 / 416
Sampling 270 / 416
Sampling 280 / 416
Sampling 290 / 416
Sampling 300 / 416
Sampling 310 / 416
Sampling 320 / 416
Sampling 330 / 416
Sampling 340 / 416
Sampling 350 / 416
Sampling 360 / 416
Sampling 370 / 416
Sampling 380 / 416
Sampling 390 / 416
Sampling 400 / 416
Sampling 410 / 416
=== [39/95] temp/E1_v5b/prompts/merged_tagged/346.mid
torch.Size([1, 1624, 32])
Sampling 80 / 416
Sampling 90 / 416
Sampling 100 / 416
Sampling 110 / 416
Sampling 120 / 416
Sampling 130 / 416
Sampling 140 / 416
Sampling 150 / 416
Sampling 160 / 416
Sampling 170 / 416
Sampling 180 / 416
Sampling 190 / 416
Sampling 200 / 416
Sampling 210 / 416
Sampling 220 / 416
Sampling 230 / 416
Sampling 240 / 416
Sampling 250 / 416
Sampling 260 / 416
Sampling 270 / 416
Sampling 280 / 416
Sampling 290 / 416
Sampling 300 / 416
Sampling 310 / 416
Sampling 320 / 416
Sampling 330 / 416
Sampling 340 / 416
Sampling 350 / 416
Sampling 360 / 416
Sampling 370 / 416
Sampling 380 / 416
Sampling 390 / 416
Sampling 400 / 416
Sampling 410 / 416
=== [40/95] temp/E1_v5b/prompts/merged_tagged/356.mid
torch.Size([1, 1052, 32])
Sampling 80 / 416
Sampling 90 / 416
Sampling 100 / 416
Sampling 110 / 416
Sampling 120 / 416
Sampling 130 / 416
Sampling 140 / 416
Sampling 150 / 416
Sampling 160 / 416
Sampling 170 / 416
Sampling 180 / 416
Sampling 190 / 416
Sampling 200 / 416
Sampling 210 / 416
Sampling 220 / 416
Sampling 230 / 416
Sampling 240 / 416
Sampling 250 / 416
Sampling 260 / 416
Sampling 270 / 416
Sampling 280 / 416
Sampling 290 / 416
Sampling 300 / 416
Sampling 310 / 416
Sampling 320 / 416
Sampling 330 / 416
Sampling 340 / 416
Sampling 350 / 416
Sampling 360 / 416
Sampling 370 / 416
Sampling 380 / 416
Sampling 390 / 416
Sampling 400 / 416
Sampling 410 / 416
=== [41/95] temp/E1_v5b/prompts/merged_tagged/366.mid
torch.Size([1, 1444, 32])
Sampling 80 / 416
Sampling 90 / 416
Sampling 100 / 416
Sampling 110 / 416
Sampling 120 / 416
Sampling 130 / 416
Sampling 140 / 416
Sampling 150 / 416
Sampling 160 / 416
Sampling 170 / 416
Sampling 180 / 416
Sampling 190 / 416
Sampling 200 / 416
Sampling 210 / 416
Sampling 220 / 416
Sampling 230 / 416
Sampling 240 / 416
Sampling 250 / 416
Sampling 260 / 416
Sampling 270 / 416
Sampling 280 / 416
Sampling 290 / 416
Sampling 300 / 416
Sampling 310 / 416
Sampling 320 / 416
Sampling 330 / 416
Sampling 340 / 416
Sampling 350 / 416
Sampling 360 / 416
Sampling 370 / 416
Sampling 380 / 416
Sampling 390 / 416
Sampling 400 / 416
Sampling 410 / 416
=== [42/95] temp/E1_v5b/prompts/merged_tagged/376.mid
torch.Size([1, 952, 32])
Sampling 80 / 416
Sampling 90 / 416
Sampling 100 / 416
Sampling 110 / 416
Sampling 120 / 416
Sampling 130 / 416
Sampling 140 / 416
Sampling 150 / 416
Sampling 160 / 416
Sampling 170 / 416
Sampling 180 / 416
Sampling 190 / 416
Sampling 200 / 416
Sampling 210 / 416
Sampling 220 / 416
Sampling 230 / 416
Sampling 240 / 416
Sampling 250 / 416
Sampling 260 / 416
Sampling 270 / 416
Sampling 280 / 416
Sampling 290 / 416
Sampling 300 / 416
Sampling 310 / 416
Sampling 320 / 416
Sampling 330 / 416
Sampling 340 / 416
Sampling 350 / 416
Sampling 360 / 416
Sampling 370 / 416
Sampling 380 / 416
Sampling 390 / 416
Sampling 400 / 416
Sampling 410 / 416
=== [43/95] temp/E1_v5b/prompts/merged_tagged/386.mid
torch.Size([1, 2136, 32])
Sampling 80 / 416
Sampling 90 / 416
Sampling 100 / 416
Sampling 110 / 416
Sampling 120 / 416
Sampling 130 / 416
Sampling 140 / 416
Sampling 150 / 416
Sampling 160 / 416
Sampling 170 / 416
Sampling 180 / 416
Sampling 190 / 416
Sampling 200 / 416
Sampling 210 / 416
Sampling 220 / 416
Sampling 230 / 416
Sampling 240 / 416
Sampling 250 / 416
Sampling 260 / 416
Sampling 270 / 416
Sampling 280 / 416
Sampling 290 / 416
Sampling 300 / 416
Sampling 310 / 416
Sampling 320 / 416
Sampling 330 / 416
Sampling 340 / 416
Sampling 350 / 416
Sampling 360 / 416
Sampling 370 / 416
Sampling 380 / 416
Sampling 390 / 416
Sampling 400 / 416
Sampling 410 / 416
=== [44/95] temp/E1_v5b/prompts/merged_tagged/396.mid
torch.Size([1, 1244, 32])
Sampling 80 / 416
Sampling 90 / 416
Sampling 100 / 416
Sampling 110 / 416
Sampling 120 / 416
Sampling 130 / 416
Sampling 140 / 416
Sampling 150 / 416
Sampling 160 / 416
Sampling 170 / 416
Sampling 180 / 416
Sampling 190 / 416
Sampling 200 / 416
Sampling 210 / 416
Sampling 220 / 416
Sampling 230 / 416
Sampling 240 / 416
Sampling 250 / 416
Sampling 260 / 416
Sampling 270 / 416
Sampling 280 / 416
Sampling 290 / 416
Sampling 300 / 416
Sampling 310 / 416
Sampling 320 / 416
Sampling 330 / 416
Sampling 340 / 416
Sampling 350 / 416
Sampling 360 / 416
Sampling 370 / 416
Sampling 380 / 416
Sampling 390 / 416
Sampling 400 / 416
Sampling 410 / 416
=== [45/95] temp/E1_v5b/prompts/merged_tagged/406.mid
torch.Size([1, 1316, 32])
Sampling 80 / 416
Sampling 90 / 416
Sampling 100 / 416
Sampling 110 / 416
Sampling 120 / 416
Sampling 130 / 416
Sampling 140 / 416
Sampling 150 / 416
Sampling 160 / 416
Sampling 170 / 416
Sampling 180 / 416
Sampling 190 / 416
Sampling 200 / 416
Sampling 210 / 416
Sampling 220 / 416
Sampling 230 / 416
Sampling 240 / 416
Sampling 250 / 416
Sampling 260 / 416
Sampling 270 / 416
Sampling 280 / 416
Sampling 290 / 416
Sampling 300 / 416
Sampling 310 / 416
Sampling 320 / 416
Sampling 330 / 416
Sampling 340 / 416
Sampling 350 / 416
Sampling 360 / 416
Sampling 370 / 416
Sampling 380 / 416
Sampling 390 / 416
Sampling 400 / 416
Sampling 410 / 416
=== [46/95] temp/E1_v5b/prompts/merged_tagged/416.mid
torch.Size([1, 1212, 32])
Sampling 80 / 416
Sampling 90 / 416
Sampling 100 / 416
Sampling 110 / 416
Sampling 120 / 416
Sampling 130 / 416
Sampling 140 / 416
Sampling 150 / 416
Sampling 160 / 416
Sampling 170 / 416
Sampling 180 / 416
Sampling 190 / 416
Sampling 200 / 416
Sampling 210 / 416
Sampling 220 / 416
Sampling 230 / 416
Sampling 240 / 416
Sampling 250 / 416
Sampling 260 / 416
Sampling 270 / 416
Sampling 280 / 416
Sampling 290 / 416
Sampling 300 / 416
Sampling 310 / 416
Sampling 320 / 416
Sampling 330 / 416
Sampling 340 / 416
Sampling 350 / 416
Sampling 360 / 416
Sampling 370 / 416
Sampling 380 / 416
Sampling 390 / 416
Sampling 400 / 416
Sampling 410 / 416
=== [47/95] temp/E1_v5b/prompts/merged_tagged/426.mid
torch.Size([1, 1112, 32])
Sampling 80 / 416
Sampling 90 / 416
Sampling 100 / 416
Sampling 110 / 416
Sampling 120 / 416
Sampling 130 / 416
Sampling 140 / 416
Sampling 150 / 416
Sampling 160 / 416
Sampling 170 / 416
Sampling 180 / 416
Sampling 190 / 416
Sampling 200 / 416
Sampling 210 / 416
Sampling 220 / 416
Sampling 230 / 416
Sampling 240 / 416
Sampling 250 / 416
Sampling 260 / 416
Sampling 270 / 416
Sampling 280 / 416
Sampling 290 / 416
Sampling 300 / 416
Sampling 310 / 416
Sampling 320 / 416
Sampling 330 / 416
Sampling 340 / 416
Sampling 350 / 416
Sampling 360 / 416
Sampling 370 / 416
Sampling 380 / 416
Sampling 390 / 416
Sampling 400 / 416
Sampling 410 / 416
=== [48/95] temp/E1_v5b/prompts/merged_tagged/436.mid
torch.Size([1, 1176, 32])
Sampling 80 / 416
Sampling 90 / 416
Sampling 100 / 416
Sampling 110 / 416
Sampling 120 / 416
Sampling 130 / 416
Sampling 140 / 416
Sampling 150 / 416
Sampling 160 / 416
Sampling 170 / 416
Sampling 180 / 416
Sampling 190 / 416
Sampling 200 / 416
Sampling 210 / 416
Sampling 220 / 416
Sampling 230 / 416
Sampling 240 / 416
Sampling 250 / 416
Sampling 260 / 416
Sampling 270 / 416
Sampling 280 / 416
Sampling 290 / 416
Sampling 300 / 416
Sampling 310 / 416
Sampling 320 / 416
Sampling 330 / 416
Sampling 340 / 416
Sampling 350 / 416
Sampling 360 / 416
Sampling 370 / 416
Sampling 380 / 416
Sampling 390 / 416
Sampling 400 / 416
Sampling 410 / 416
=== [49/95] temp/E1_v5b/prompts/merged_tagged/446.mid
torch.Size([1, 1148, 32])
Sampling 80 / 416
Sampling 90 / 416
Sampling 100 / 416
Sampling 110 / 416
Sampling 120 / 416
Sampling 130 / 416
Sampling 140 / 416
Sampling 150 / 416
Sampling 160 / 416
Sampling 170 / 416
Sampling 180 / 416
Sampling 190 / 416
Sampling 200 / 416
Sampling 210 / 416
Sampling 220 / 416
Sampling 230 / 416
Sampling 240 / 416
Sampling 250 / 416
Sampling 260 / 416
Sampling 270 / 416
Sampling 280 / 416
Sampling 290 / 416
Sampling 300 / 416
Sampling 310 / 416
Sampling 320 / 416
Sampling 330 / 416
Sampling 340 / 416
Sampling 350 / 416
Sampling 360 / 416
Sampling 370 / 416
Sampling 380 / 416
Sampling 390 / 416
Sampling 400 / 416
Sampling 410 / 416
=== [50/95] temp/E1_v5b/prompts/merged_tagged/456.mid
torch.Size([1, 1088, 32])
Sampling 80 / 416
Sampling 90 / 416
Sampling 100 / 416
Sampling 110 / 416
Sampling 120 / 416
Sampling 130 / 416
Sampling 140 / 416
Sampling 150 / 416
Sampling 160 / 416
Sampling 170 / 416
Sampling 180 / 416
Sampling 190 / 416
Sampling 200 / 416
Sampling 210 / 416
Sampling 220 / 416
Sampling 230 / 416
Sampling 240 / 416
Sampling 250 / 416
Sampling 260 / 416
Sampling 270 / 416
Sampling 280 / 416
Sampling 290 / 416
Sampling 300 / 416
Sampling 310 / 416
Sampling 320 / 416
Sampling 330 / 416
Sampling 340 / 416
Sampling 350 / 416
Sampling 360 / 416
Sampling 370 / 416
Sampling 380 / 416
Sampling 390 / 416
Sampling 400 / 416
Sampling 410 / 416
=== [51/95] temp/E1_v5b/prompts/merged_tagged/466.mid
torch.Size([1, 1176, 32])
Sampling 80 / 416
Sampling 90 / 416
Sampling 100 / 416
Sampling 110 / 416
Sampling 120 / 416
Sampling 130 / 416
Sampling 140 / 416
Sampling 150 / 416
Sampling 160 / 416
Sampling 170 / 416
Sampling 180 / 416
Sampling 190 / 416
Sampling 200 / 416
Sampling 210 / 416
Sampling 220 / 416
Sampling 230 / 416
Sampling 240 / 416
Sampling 250 / 416
Sampling 260 / 416
Sampling 270 / 416
Sampling 280 / 416
Sampling 290 / 416
Sampling 300 / 416
Sampling 310 / 416
Sampling 320 / 416
Sampling 330 / 416
Sampling 340 / 416
Sampling 350 / 416
Sampling 360 / 416
Sampling 370 / 416
Sampling 380 / 416
Sampling 390 / 416
Sampling 400 / 416
Sampling 410 / 416
=== [52/95] temp/E1_v5b/prompts/merged_tagged/476.mid
torch.Size([1, 908, 32])
Sampling 80 / 416
Sampling 90 / 416
Sampling 100 / 416
Sampling 110 / 416
Sampling 120 / 416
Sampling 130 / 416
Sampling 140 / 416
Sampling 150 / 416
Sampling 160 / 416
Sampling 170 / 416
Sampling 180 / 416
Sampling 190 / 416
Sampling 200 / 416
Sampling 210 / 416
Sampling 220 / 416
Sampling 230 / 416
Sampling 240 / 416
Sampling 250 / 416
Sampling 260 / 416
Sampling 270 / 416
Sampling 280 / 416
Sampling 290 / 416
Sampling 300 / 416
Sampling 310 / 416
Sampling 320 / 416
Sampling 330 / 416
Sampling 340 / 416
Sampling 350 / 416
Sampling 360 / 416
Sampling 370 / 416
Sampling 380 / 416
Sampling 390 / 416
Sampling 400 / 416
Sampling 410 / 416
=== [53/95] temp/E1_v5b/prompts/merged_tagged/486.mid
torch.Size([1, 1392, 32])
Sampling 80 / 416
Sampling 90 / 416
Sampling 100 / 416
Sampling 110 / 416
Sampling 120 / 416
Sampling 130 / 416
Sampling 140 / 416
Sampling 150 / 416
Sampling 160 / 416
Sampling 170 / 416
Sampling 180 / 416
Sampling 190 / 416
Sampling 200 / 416
Sampling 210 / 416
Sampling 220 / 416
Sampling 230 / 416
Sampling 240 / 416
Sampling 250 / 416
Sampling 260 / 416
Sampling 270 / 416
Sampling 280 / 416
Sampling 290 / 416
Sampling 300 / 416
Sampling 310 / 416
Sampling 320 / 416
Sampling 330 / 416
Sampling 340 / 416
Sampling 350 / 416
Sampling 360 / 416
Sampling 370 / 416
Sampling 380 / 416
Sampling 390 / 416
Sampling 400 / 416
Sampling 410 / 416
=== [54/95] temp/E1_v5b/prompts/merged_tagged/496.mid
torch.Size([1, 1220, 32])
Sampling 80 / 416
Sampling 90 / 416
Sampling 100 / 416
Sampling 110 / 416
Sampling 120 / 416
Sampling 130 / 416
Sampling 140 / 416
Sampling 150 / 416
Sampling 160 / 416
Sampling 170 / 416
Sampling 180 / 416
Sampling 190 / 416
Sampling 200 / 416
Sampling 210 / 416
Sampling 220 / 416
Sampling 230 / 416
Sampling 240 / 416
Sampling 250 / 416
Sampling 260 / 416
Sampling 270 / 416
Sampling 280 / 416
Sampling 290 / 416
Sampling 300 / 416
Sampling 310 / 416
Sampling 320 / 416
Sampling 330 / 416
Sampling 340 / 416
Sampling 350 / 416
Sampling 360 / 416
Sampling 370 / 416
Sampling 380 / 416
Sampling 390 / 416
Sampling 400 / 416
Sampling 410 / 416
=== [55/95] temp/E1_v5b/prompts/merged_tagged/506.mid
torch.Size([1, 1188, 32])
Sampling 80 / 416
Sampling 90 / 416
Sampling 100 / 416
Sampling 110 / 416
Sampling 120 / 416
Sampling 130 / 416
Sampling 140 / 416
Sampling 150 / 416
Sampling 160 / 416
Sampling 170 / 416
Sampling 180 / 416
Sampling 190 / 416
Sampling 200 / 416
Sampling 210 / 416
Sampling 220 / 416
Sampling 230 / 416
Sampling 240 / 416
Sampling 250 / 416
Sampling 260 / 416
Sampling 270 / 416
Sampling 280 / 416
Sampling 290 / 416
Sampling 300 / 416
Sampling 310 / 416
Sampling 320 / 416
Sampling 330 / 416
Sampling 340 / 416
Sampling 350 / 416
Sampling 360 / 416
Sampling 370 / 416
Sampling 380 / 416
Sampling 390 / 416
Sampling 400 / 416
Sampling 410 / 416
=== [56/95] temp/E1_v5b/prompts/merged_tagged/516.mid
torch.Size([1, 1108, 32])
Sampling 80 / 416
Sampling 90 / 416
Sampling 100 / 416
Sampling 110 / 416
Sampling 120 / 416
Sampling 130 / 416
Sampling 140 / 416
Sampling 150 / 416
Sampling 160 / 416
Sampling 170 / 416
Sampling 180 / 416
Sampling 190 / 416
Sampling 200 / 416
Sampling 210 / 416
Sampling 220 / 416
Sampling 230 / 416
Sampling 240 / 416
Sampling 250 / 416
Sampling 260 / 416
Sampling 270 / 416
Sampling 280 / 416
Sampling 290 / 416
Sampling 300 / 416
Sampling 310 / 416
Sampling 320 / 416
Sampling 330 / 416
Sampling 340 / 416
Sampling 350 / 416
Sampling 360 / 416
Sampling 370 / 416
Sampling 380 / 416
Sampling 390 / 416
Sampling 400 / 416
Sampling 410 / 416
=== [57/95] temp/E1_v5b/prompts/merged_tagged/526.mid
torch.Size([1, 1036, 32])
Sampling 80 / 416
Sampling 90 / 416
Sampling 100 / 416
Sampling 110 / 416
Sampling 120 / 416
Sampling 130 / 416
Sampling 140 / 416
Sampling 150 / 416
Sampling 160 / 416
Sampling 170 / 416
Sampling 180 / 416
Sampling 190 / 416
Sampling 200 / 416
Sampling 210 / 416
Sampling 220 / 416
Sampling 230 / 416
Sampling 240 / 416
Sampling 250 / 416
Sampling 260 / 416
Sampling 270 / 416
Sampling 280 / 416
Sampling 290 / 416
Sampling 300 / 416
Sampling 310 / 416
Sampling 320 / 416
Sampling 330 / 416
Sampling 340 / 416
Sampling 350 / 416
Sampling 360 / 416
Sampling 370 / 416
Sampling 380 / 416
Sampling 390 / 416
Sampling 400 / 416
Sampling 410 / 416
=== [58/95] temp/E1_v5b/prompts/merged_tagged/536.mid
torch.Size([1, 1240, 32])
Sampling 80 / 416
Sampling 90 / 416
Sampling 100 / 416
Sampling 110 / 416
Sampling 120 / 416
Sampling 130 / 416
Sampling 140 / 416
Sampling 150 / 416
Sampling 160 / 416
Sampling 170 / 416
Sampling 180 / 416
Sampling 190 / 416
Sampling 200 / 416
Sampling 210 / 416
Sampling 220 / 416
Sampling 230 / 416
Sampling 240 / 416
Sampling 250 / 416
Sampling 260 / 416
Sampling 270 / 416
Sampling 280 / 416
Sampling 290 / 416
Sampling 300 / 416
Sampling 310 / 416
Sampling 320 / 416
Sampling 330 / 416
Sampling 340 / 416
Sampling 350 / 416
Sampling 360 / 416
Sampling 370 / 416
Sampling 380 / 416
Sampling 390 / 416
Sampling 400 / 416
Sampling 410 / 416
=== [59/95] temp/E1_v5b/prompts/merged_tagged/546.mid
torch.Size([1, 1040, 32])
Sampling 80 / 416
Sampling 90 / 416
Sampling 100 / 416
Sampling 110 / 416
Sampling 120 / 416
Sampling 130 / 416
Sampling 140 / 416
Sampling 150 / 416
Sampling 160 / 416
Sampling 170 / 416
Sampling 180 / 416
Sampling 190 / 416
Sampling 200 / 416
Sampling 210 / 416
Sampling 220 / 416
Sampling 230 / 416
Sampling 240 / 416
Sampling 250 / 416
Sampling 260 / 416
Sampling 270 / 416
Sampling 280 / 416
Sampling 290 / 416
Sampling 300 / 416
Sampling 310 / 416
Sampling 320 / 416
Sampling 330 / 416
Sampling 340 / 416
Sampling 350 / 416
Sampling 360 / 416
Sampling 370 / 416
Sampling 380 / 416
Sampling 390 / 416
Sampling 400 / 416
Sampling 410 / 416
=== [60/95] temp/E1_v5b/prompts/merged_tagged/556.mid
torch.Size([1, 1784, 32])
Sampling 80 / 416
Sampling 90 / 416
Sampling 100 / 416
Sampling 110 / 416
Sampling 120 / 416
Sampling 130 / 416
Sampling 140 / 416
Sampling 150 / 416
Sampling 160 / 416
Sampling 170 / 416
Sampling 180 / 416
Sampling 190 / 416
Sampling 200 / 416
Sampling 210 / 416
Sampling 220 / 416
Sampling 230 / 416
Sampling 240 / 416
Sampling 250 / 416
Sampling 260 / 416
Sampling 270 / 416
Sampling 280 / 416
Sampling 290 / 416
Sampling 300 / 416
Sampling 310 / 416
Sampling 320 / 416
Sampling 330 / 416
Sampling 340 / 416
Sampling 350 / 416
Sampling 360 / 416
Sampling 370 / 416
Sampling 380 / 416
Sampling 390 / 416
Sampling 400 / 416
Sampling 410 / 416
=== [61/95] temp/E1_v5b/prompts/merged_tagged/566.mid
torch.Size([1, 1448, 32])
Sampling 80 / 416
Sampling 90 / 416
Sampling 100 / 416
Sampling 110 / 416
Sampling 120 / 416
Sampling 130 / 416
Sampling 140 / 416
Sampling 150 / 416
Sampling 160 / 416
Sampling 170 / 416
Sampling 180 / 416
Sampling 190 / 416
Sampling 200 / 416
Sampling 210 / 416
Sampling 220 / 416
Sampling 230 / 416
Sampling 240 / 416
Sampling 250 / 416
Sampling 260 / 416
Sampling 270 / 416
Sampling 280 / 416
Sampling 290 / 416
Sampling 300 / 416
Sampling 310 / 416
Sampling 320 / 416
Sampling 330 / 416
Sampling 340 / 416
Sampling 350 / 416
Sampling 360 / 416
Sampling 370 / 416
Sampling 380 / 416
Sampling 390 / 416
Sampling 400 / 416
Sampling 410 / 416
=== [62/95] temp/E1_v5b/prompts/merged_tagged/576.mid
torch.Size([1, 1036, 32])
Sampling 80 / 416
Sampling 90 / 416
Sampling 100 / 416
Sampling 110 / 416
Sampling 120 / 416
Sampling 130 / 416
Sampling 140 / 416
Sampling 150 / 416
Sampling 160 / 416
Sampling 170 / 416
Sampling 180 / 416
Sampling 190 / 416
Sampling 200 / 416
Sampling 210 / 416
Sampling 220 / 416
Sampling 230 / 416
Sampling 240 / 416
Sampling 250 / 416
Sampling 260 / 416
Sampling 270 / 416
Sampling 280 / 416
Sampling 290 / 416
Sampling 300 / 416
Sampling 310 / 416
Sampling 320 / 416
Sampling 330 / 416
Sampling 340 / 416
Sampling 350 / 416
Sampling 360 / 416
Sampling 370 / 416
Sampling 380 / 416
Sampling 390 / 416
Sampling 400 / 416
Sampling 410 / 416
=== [63/95] temp/E1_v5b/prompts/merged_tagged/586.mid
torch.Size([1, 1252, 32])
Sampling 80 / 416
Sampling 90 / 416
Sampling 100 / 416
Sampling 110 / 416
Sampling 120 / 416
Sampling 130 / 416
Sampling 140 / 416
Sampling 150 / 416
Sampling 160 / 416
Sampling 170 / 416
Sampling 180 / 416
Sampling 190 / 416
Sampling 200 / 416
Sampling 210 / 416
Sampling 220 / 416
Sampling 230 / 416
Sampling 240 / 416
Sampling 250 / 416
Sampling 260 / 416
Sampling 270 / 416
Sampling 280 / 416
Sampling 290 / 416
Sampling 300 / 416
Sampling 310 / 416
Sampling 320 / 416
Sampling 330 / 416
Sampling 340 / 416
Sampling 350 / 416
Sampling 360 / 416
Sampling 370 / 416
Sampling 380 / 416
Sampling 390 / 416
Sampling 400 / 416
Sampling 410 / 416
=== [64/95] temp/E1_v5b/prompts/merged_tagged/596.mid
torch.Size([1, 1796, 32])
Sampling 80 / 416
Sampling 90 / 416
Sampling 100 / 416
Sampling 110 / 416
Sampling 120 / 416
Sampling 130 / 416
Sampling 140 / 416
Sampling 150 / 416
Sampling 160 / 416
Sampling 170 / 416
Sampling 180 / 416
Sampling 190 / 416
Sampling 200 / 416
Sampling 210 / 416
Sampling 220 / 416
Sampling 230 / 416
Sampling 240 / 416
Sampling 250 / 416
Sampling 260 / 416
Sampling 270 / 416
Sampling 280 / 416
Sampling 290 / 416
Sampling 300 / 416
Sampling 310 / 416
Sampling 320 / 416
Sampling 330 / 416
Sampling 340 / 416
Sampling 350 / 416
Sampling 360 / 416
Sampling 370 / 416
Sampling 380 / 416
Sampling 390 / 416
Sampling 400 / 416
Sampling 410 / 416
=== [65/95] temp/E1_v5b/prompts/merged_tagged/606.mid
torch.Size([1, 1092, 32])
Sampling 80 / 416
Sampling 90 / 416
Sampling 100 / 416
Sampling 110 / 416
Sampling 120 / 416
Sampling 130 / 416
Sampling 140 / 416
Sampling 150 / 416
Sampling 160 / 416
Sampling 170 / 416
Sampling 180 / 416
Sampling 190 / 416
Sampling 200 / 416
Sampling 210 / 416
Sampling 220 / 416
Sampling 230 / 416
Sampling 240 / 416
Sampling 250 / 416
Sampling 260 / 416
Sampling 270 / 416
Sampling 280 / 416
Sampling 290 / 416
Sampling 300 / 416
Sampling 310 / 416
Sampling 320 / 416
Sampling 330 / 416
Sampling 340 / 416
Sampling 350 / 416
Sampling 360 / 416
Sampling 370 / 416
Sampling 380 / 416
Sampling 390 / 416
Sampling 400 / 416
Sampling 410 / 416
=== [66/95] temp/E1_v5b/prompts/merged_tagged/616.mid
torch.Size([1, 764, 32])
Sampling 80 / 416
Sampling 90 / 416
Sampling 100 / 416
Sampling 110 / 416
Sampling 120 / 416
Sampling 130 / 416
Sampling 140 / 416
Sampling 150 / 416
Sampling 160 / 416
Sampling 170 / 416
Sampling 180 / 416
Sampling 190 / 416
Sampling 200 / 416
Sampling 210 / 416
Sampling 220 / 416
Sampling 230 / 416
Sampling 240 / 416
Sampling 250 / 416
Sampling 260 / 416
Sampling 270 / 416
Sampling 280 / 416
Sampling 290 / 416
Sampling 300 / 416
Sampling 310 / 416
Sampling 320 / 416
Sampling 330 / 416
Sampling 340 / 416
Sampling 350 / 416
Sampling 360 / 416
Sampling 370 / 416
Sampling 380 / 416
Sampling 390 / 416
Sampling 400 / 416
Sampling 410 / 416
=== [67/95] temp/E1_v5b/prompts/merged_tagged/626.mid
torch.Size([1, 928, 32])
Sampling 80 / 416
Sampling 90 / 416
Sampling 100 / 416
Sampling 110 / 416
Sampling 120 / 416
Sampling 130 / 416
Sampling 140 / 416
Sampling 150 / 416
Sampling 160 / 416
Sampling 170 / 416
Sampling 180 / 416
Sampling 190 / 416
Sampling 200 / 416
Sampling 210 / 416
Sampling 220 / 416
Sampling 230 / 416
Sampling 240 / 416
Sampling 250 / 416
Sampling 260 / 416
Sampling 270 / 416
Sampling 280 / 416
Sampling 290 / 416
Sampling 300 / 416
Sampling 310 / 416
Sampling 320 / 416
Sampling 330 / 416
Sampling 340 / 416
Sampling 350 / 416
Sampling 360 / 416
Sampling 370 / 416
Sampling 380 / 416
Sampling 390 / 416
Sampling 400 / 416
Sampling 410 / 416
=== [68/95] temp/E1_v5b/prompts/merged_tagged/636.mid
torch.Size([1, 1292, 32])
Sampling 80 / 416
Sampling 90 / 416
Sampling 100 / 416
Sampling 110 / 416
Sampling 120 / 416
Sampling 130 / 416
Sampling 140 / 416
Sampling 150 / 416
Sampling 160 / 416
Sampling 170 / 416
Sampling 180 / 416
Sampling 190 / 416
Sampling 200 / 416
Sampling 210 / 416
Sampling 220 / 416
Sampling 230 / 416
Sampling 240 / 416
Sampling 250 / 416
Sampling 260 / 416
Sampling 270 / 416
Sampling 280 / 416
Sampling 290 / 416
Sampling 300 / 416
Sampling 310 / 416
Sampling 320 / 416
Sampling 330 / 416
Sampling 340 / 416
Sampling 350 / 416
Sampling 360 / 416
Sampling 370 / 416
Sampling 380 / 416
Sampling 390 / 416
Sampling 400 / 416
Sampling 410 / 416
=== [69/95] temp/E1_v5b/prompts/merged_tagged/646.mid
torch.Size([1, 884, 32])
Sampling 80 / 416
Sampling 90 / 416
Sampling 100 / 416
Sampling 110 / 416
Sampling 120 / 416
Sampling 130 / 416
Sampling 140 / 416
Sampling 150 / 416
Sampling 160 / 416
Sampling 170 / 416
Sampling 180 / 416
Sampling 190 / 416
Sampling 200 / 416
Sampling 210 / 416
Sampling 220 / 416
Sampling 230 / 416
Sampling 240 / 416
Sampling 250 / 416
Sampling 260 / 416
Sampling 270 / 416
Sampling 280 / 416
Sampling 290 / 416
Sampling 300 / 416
Sampling 310 / 416
Sampling 320 / 416
Sampling 330 / 416
Sampling 340 / 416
Sampling 350 / 416
Sampling 360 / 416
Sampling 370 / 416
Sampling 380 / 416
Sampling 390 / 416
Sampling 400 / 416
Sampling 410 / 416
=== [70/95] temp/E1_v5b/prompts/merged_tagged/656.mid
torch.Size([1, 1540, 32])
Sampling 80 / 416
Sampling 90 / 416
Sampling 100 / 416
Sampling 110 / 416
Sampling 120 / 416
Sampling 130 / 416
Sampling 140 / 416
Sampling 150 / 416
Sampling 160 / 416
Sampling 170 / 416
Sampling 180 / 416
Sampling 190 / 416
Sampling 200 / 416
Sampling 210 / 416
Sampling 220 / 416
Sampling 230 / 416
Sampling 240 / 416
Sampling 250 / 416
Sampling 260 / 416
Sampling 270 / 416
Sampling 280 / 416
Sampling 290 / 416
Sampling 300 / 416
Sampling 310 / 416
Sampling 320 / 416
Sampling 330 / 416
Sampling 340 / 416
Sampling 350 / 416
Sampling 360 / 416
Sampling 370 / 416
Sampling 380 / 416
Sampling 390 / 416
Sampling 400 / 416
Sampling 410 / 416
=== [71/95] temp/E1_v5b/prompts/merged_tagged/666.mid
torch.Size([1, 1468, 32])
Sampling 80 / 416
Sampling 90 / 416
Sampling 100 / 416
Sampling 110 / 416
Sampling 120 / 416
Sampling 130 / 416
Sampling 140 / 416
Sampling 150 / 416
Sampling 160 / 416
Sampling 170 / 416
Sampling 180 / 416
Sampling 190 / 416
Sampling 200 / 416
Sampling 210 / 416
Sampling 220 / 416
Sampling 230 / 416
Sampling 240 / 416
Sampling 250 / 416
Sampling 260 / 416
Sampling 270 / 416
Sampling 280 / 416
Sampling 290 / 416
Sampling 300 / 416
Sampling 310 / 416
Sampling 320 / 416
Sampling 330 / 416
Sampling 340 / 416
Sampling 350 / 416
Sampling 360 / 416
Sampling 370 / 416
Sampling 380 / 416
Sampling 390 / 416
Sampling 400 / 416
Sampling 410 / 416
=== [72/95] temp/E1_v5b/prompts/merged_tagged/676.mid
torch.Size([1, 1024, 32])
Sampling 80 / 416
Sampling 90 / 416
Sampling 100 / 416
Sampling 110 / 416
Sampling 120 / 416
Sampling 130 / 416
Sampling 140 / 416
Sampling 150 / 416
Sampling 160 / 416
Sampling 170 / 416
Sampling 180 / 416
Sampling 190 / 416
Sampling 200 / 416
Sampling 210 / 416
Sampling 220 / 416
Sampling 230 / 416
Sampling 240 / 416
Sampling 250 / 416
Sampling 260 / 416
Sampling 270 / 416
Sampling 280 / 416
Sampling 290 / 416
Sampling 300 / 416
Sampling 310 / 416
Sampling 320 / 416
Sampling 330 / 416
Sampling 340 / 416
Sampling 350 / 416
Sampling 360 / 416
Sampling 370 / 416
Sampling 380 / 416
Sampling 390 / 416
Sampling 400 / 416
Sampling 410 / 416
=== [73/95] temp/E1_v5b/prompts/merged_tagged/686.mid
torch.Size([1, 1508, 32])
Sampling 80 / 416
Sampling 90 / 416
Sampling 100 / 416
Sampling 110 / 416
Sampling 120 / 416
Sampling 130 / 416
Sampling 140 / 416
Sampling 150 / 416
Sampling 160 / 416
Sampling 170 / 416
Sampling 180 / 416
Sampling 190 / 416
Sampling 200 / 416
Sampling 210 / 416
Sampling 220 / 416
Sampling 230 / 416
Sampling 240 / 416
Sampling 250 / 416
Sampling 260 / 416
Sampling 270 / 416
Sampling 280 / 416
Sampling 290 / 416
Sampling 300 / 416
Sampling 310 / 416
Sampling 320 / 416
Sampling 330 / 416
Sampling 340 / 416
Sampling 350 / 416
Sampling 360 / 416
Sampling 370 / 416
Sampling 380 / 416
Sampling 390 / 416
Sampling 400 / 416
Sampling 410 / 416
=== [74/95] temp/E1_v5b/prompts/merged_tagged/696.mid
torch.Size([1, 1216, 32])
Sampling 80 / 416
Sampling 90 / 416
Sampling 100 / 416
Sampling 110 / 416
Sampling 120 / 416
Sampling 130 / 416
Sampling 140 / 416
Sampling 150 / 416
Sampling 160 / 416
Sampling 170 / 416
Sampling 180 / 416
Sampling 190 / 416
Sampling 200 / 416
Sampling 210 / 416
Sampling 220 / 416
Sampling 230 / 416
Sampling 240 / 416
Sampling 250 / 416
Sampling 260 / 416
Sampling 270 / 416
Sampling 280 / 416
Sampling 290 / 416
Sampling 300 / 416
Sampling 310 / 416
Sampling 320 / 416
Sampling 330 / 416
Sampling 340 / 416
Sampling 350 / 416
Sampling 360 / 416
Sampling 370 / 416
Sampling 380 / 416
Sampling 390 / 416
Sampling 400 / 416
Sampling 410 / 416
=== [75/95] temp/E1_v5b/prompts/merged_tagged/706.mid
torch.Size([1, 1268, 32])
Sampling 80 / 416
Sampling 90 / 416
Sampling 100 / 416
Sampling 110 / 416
Sampling 120 / 416
Sampling 130 / 416
Sampling 140 / 416
Sampling 150 / 416
Sampling 160 / 416
Sampling 170 / 416
Sampling 180 / 416
Sampling 190 / 416
Sampling 200 / 416
Sampling 210 / 416
Sampling 220 / 416
Sampling 230 / 416
Sampling 240 / 416
Sampling 250 / 416
Sampling 260 / 416
Sampling 270 / 416
Sampling 280 / 416
Sampling 290 / 416
Sampling 300 / 416
Sampling 310 / 416
Sampling 320 / 416
Sampling 330 / 416
Sampling 340 / 416
Sampling 350 / 416
Sampling 360 / 416
Sampling 370 / 416
Sampling 380 / 416
Sampling 390 / 416
Sampling 400 / 416
Sampling 410 / 416
=== [76/95] temp/E1_v5b/prompts/merged_tagged/716.mid
torch.Size([1, 976, 32])
Sampling 80 / 416
Sampling 90 / 416
Sampling 100 / 416
Sampling 110 / 416
Sampling 120 / 416
Sampling 130 / 416
Sampling 140 / 416
Sampling 150 / 416
Sampling 160 / 416
Sampling 170 / 416
Sampling 180 / 416
Sampling 190 / 416
Sampling 200 / 416
Sampling 210 / 416
Sampling 220 / 416
Sampling 230 / 416
Sampling 240 / 416
Sampling 250 / 416
Sampling 260 / 416
Sampling 270 / 416
Sampling 280 / 416
Sampling 290 / 416
Sampling 300 / 416
Sampling 310 / 416
Sampling 320 / 416
Sampling 330 / 416
Sampling 340 / 416
Sampling 350 / 416
Sampling 360 / 416
Sampling 370 / 416
Sampling 380 / 416
Sampling 390 / 416
Sampling 400 / 416
Sampling 410 / 416
=== [77/95] temp/E1_v5b/prompts/merged_tagged/726.mid
torch.Size([1, 768, 32])
Sampling 80 / 416
Sampling 90 / 416
Sampling 100 / 416
Sampling 110 / 416
Sampling 120 / 416
Sampling 130 / 416
Sampling 140 / 416
Sampling 150 / 416
Sampling 160 / 416
Sampling 170 / 416
Sampling 180 / 416
Sampling 190 / 416
Sampling 200 / 416
Sampling 210 / 416
Sampling 220 / 416
Sampling 230 / 416
Sampling 240 / 416
Sampling 250 / 416
Sampling 260 / 416
Sampling 270 / 416
Sampling 280 / 416
Sampling 290 / 416
Sampling 300 / 416
Sampling 310 / 416
Sampling 320 / 416
Sampling 330 / 416
Sampling 340 / 416
Sampling 350 / 416
Sampling 360 / 416
Sampling 370 / 416
Sampling 380 / 416
Sampling 390 / 416
Sampling 400 / 416
Sampling 410 / 416
=== [78/95] temp/E1_v5b/prompts/merged_tagged/736.mid
torch.Size([1, 1124, 32])
Sampling 80 / 416
Sampling 90 / 416
Sampling 100 / 416
Sampling 110 / 416
Sampling 120 / 416
Sampling 130 / 416
Sampling 140 / 416
Sampling 150 / 416
Sampling 160 / 416
Sampling 170 / 416
Sampling 180 / 416
Sampling 190 / 416
Sampling 200 / 416
Sampling 210 / 416
Sampling 220 / 416
Sampling 230 / 416
Sampling 240 / 416
Sampling 250 / 416
Sampling 260 / 416
Sampling 270 / 416
Sampling 280 / 416
Sampling 290 / 416
Sampling 300 / 416
Sampling 310 / 416
Sampling 320 / 416
Sampling 330 / 416
Sampling 340 / 416
Sampling 350 / 416
Sampling 360 / 416
Sampling 370 / 416
Sampling 380 / 416
Sampling 390 / 416
Sampling 400 / 416
Sampling 410 / 416
=== [79/95] temp/E1_v5b/prompts/merged_tagged/746.mid
torch.Size([1, 692, 32])
Sampling 80 / 416
Sampling 90 / 416
Sampling 100 / 416
Sampling 110 / 416
Sampling 120 / 416
Sampling 130 / 416
Sampling 140 / 416
Sampling 150 / 416
Sampling 160 / 416
Sampling 170 / 416
Sampling 180 / 416
Sampling 190 / 416
Sampling 200 / 416
Sampling 210 / 416
Sampling 220 / 416
Sampling 230 / 416
Sampling 240 / 416
Sampling 250 / 416
Sampling 260 / 416
Sampling 270 / 416
Sampling 280 / 416
Sampling 290 / 416
Sampling 300 / 416
Sampling 310 / 416
Sampling 320 / 416
Sampling 330 / 416
Sampling 340 / 416
Sampling 350 / 416
Sampling 360 / 416
Sampling 370 / 416
Sampling 380 / 416
Sampling 390 / 416
Sampling 400 / 416
Sampling 410 / 416
=== [80/95] temp/E1_v5b/prompts/merged_tagged/756.mid
torch.Size([1, 1420, 32])
Sampling 80 / 416
Sampling 90 / 416
Sampling 100 / 416
Sampling 110 / 416
Sampling 120 / 416
Sampling 130 / 416
Sampling 140 / 416
Sampling 150 / 416
Sampling 160 / 416
Sampling 170 / 416
Sampling 180 / 416
Sampling 190 / 416
Sampling 200 / 416
Sampling 210 / 416
Sampling 220 / 416
Sampling 230 / 416
Sampling 240 / 416
Sampling 250 / 416
Sampling 260 / 416
Sampling 270 / 416
Sampling 280 / 416
Sampling 290 / 416
Sampling 300 / 416
Sampling 310 / 416
Sampling 320 / 416
Sampling 330 / 416
Sampling 340 / 416
Sampling 350 / 416
Sampling 360 / 416
Sampling 370 / 416
Sampling 380 / 416
Sampling 390 / 416
Sampling 400 / 416
Sampling 410 / 416
=== [81/95] temp/E1_v5b/prompts/merged_tagged/766.mid
torch.Size([1, 888, 32])
Sampling 80 / 416
Sampling 90 / 416
Sampling 100 / 416
Sampling 110 / 416
Sampling 120 / 416
Sampling 130 / 416
Sampling 140 / 416
Sampling 150 / 416
Sampling 160 / 416
Sampling 170 / 416
Sampling 180 / 416
Sampling 190 / 416
Sampling 200 / 416
Sampling 210 / 416
Sampling 220 / 416
Sampling 230 / 416
Sampling 240 / 416
Sampling 250 / 416
Sampling 260 / 416
Sampling 270 / 416
Sampling 280 / 416
Sampling 290 / 416
Sampling 300 / 416
Sampling 310 / 416
Sampling 320 / 416
Sampling 330 / 416
Sampling 340 / 416
Sampling 350 / 416
Sampling 360 / 416
Sampling 370 / 416
Sampling 380 / 416
Sampling 390 / 416
Sampling 400 / 416
Sampling 410 / 416
=== [82/95] temp/E1_v5b/prompts/merged_tagged/776.mid
torch.Size([1, 1036, 32])
Sampling 80 / 416
Sampling 90 / 416
Sampling 100 / 416
Sampling 110 / 416
Sampling 120 / 416
Sampling 130 / 416
Sampling 140 / 416
Sampling 150 / 416
Sampling 160 / 416
Sampling 170 / 416
Sampling 180 / 416
Sampling 190 / 416
Sampling 200 / 416
Sampling 210 / 416
Sampling 220 / 416
Sampling 230 / 416
Sampling 240 / 416
Sampling 250 / 416
Sampling 260 / 416
Sampling 270 / 416
Sampling 280 / 416
Sampling 290 / 416
Sampling 300 / 416
Sampling 310 / 416
Sampling 320 / 416
Sampling 330 / 416
Sampling 340 / 416
Sampling 350 / 416
Sampling 360 / 416
Sampling 370 / 416
Sampling 380 / 416
Sampling 390 / 416
Sampling 400 / 416
Sampling 410 / 416
=== [83/95] temp/E1_v5b/prompts/merged_tagged/786.mid
torch.Size([1, 1036, 32])
Sampling 80 / 416
Sampling 90 / 416
Sampling 100 / 416
Sampling 110 / 416
Sampling 120 / 416
Sampling 130 / 416
Sampling 140 / 416
Sampling 150 / 416
Sampling 160 / 416
Sampling 170 / 416
Sampling 180 / 416
Sampling 190 / 416
Sampling 200 / 416
Sampling 210 / 416
Sampling 220 / 416
Sampling 230 / 416
Sampling 240 / 416
Sampling 250 / 416
Sampling 260 / 416
Sampling 270 / 416
Sampling 280 / 416
Sampling 290 / 416
Sampling 300 / 416
Sampling 310 / 416
Sampling 320 / 416
Sampling 330 / 416
Sampling 340 / 416
Sampling 350 / 416
Sampling 360 / 416
Sampling 370 / 416
Sampling 380 / 416
Sampling 390 / 416
Sampling 400 / 416
Sampling 410 / 416
=== [84/95] temp/E1_v5b/prompts/merged_tagged/796.mid
torch.Size([1, 1120, 32])
Sampling 80 / 416
Sampling 90 / 416
Sampling 100 / 416
Sampling 110 / 416
Sampling 120 / 416
Sampling 130 / 416
Sampling 140 / 416
Sampling 150 / 416
Sampling 160 / 416
Sampling 170 / 416
Sampling 180 / 416
Sampling 190 / 416
Sampling 200 / 416
Sampling 210 / 416
Sampling 220 / 416
Sampling 230 / 416
Sampling 240 / 416
Sampling 250 / 416
Sampling 260 / 416
Sampling 270 / 416
Sampling 280 / 416
Sampling 290 / 416
Sampling 300 / 416
Sampling 310 / 416
Sampling 320 / 416
Sampling 330 / 416
Sampling 340 / 416
Sampling 350 / 416
Sampling 360 / 416
Sampling 370 / 416
Sampling 380 / 416
Sampling 390 / 416
Sampling 400 / 416
Sampling 410 / 416
=== [85/95] temp/E1_v5b/prompts/merged_tagged/806.mid
torch.Size([1, 548, 32])
Sampling 80 / 416
Sampling 90 / 416
Sampling 100 / 416
Sampling 110 / 416
Sampling 120 / 416
Sampling 130 / 416
Sampling 140 / 416
Sampling 150 / 416
Sampling 160 / 416
Sampling 170 / 416
Sampling 180 / 416
Sampling 190 / 416
Sampling 200 / 416
Sampling 210 / 416
Sampling 220 / 416
Sampling 230 / 416
Sampling 240 / 416
Sampling 250 / 416
Sampling 260 / 416
Sampling 270 / 416
Sampling 280 / 416
Sampling 290 / 416
Sampling 300 / 416
Sampling 310 / 416
Sampling 320 / 416
Sampling 330 / 416
Sampling 340 / 416
Sampling 350 / 416
Sampling 360 / 416
Sampling 370 / 416
Sampling 380 / 416
Sampling 390 / 416
Sampling 400 / 416
Sampling 410 / 416
=== [86/95] temp/E1_v5b/prompts/merged_tagged/816.mid
torch.Size([1, 864, 32])
Sampling 80 / 416
Sampling 90 / 416
Sampling 100 / 416
Sampling 110 / 416
Sampling 120 / 416
Sampling 130 / 416
Sampling 140 / 416
Sampling 150 / 416
Sampling 160 / 416
Sampling 170 / 416
Sampling 180 / 416
Sampling 190 / 416
Sampling 200 / 416
Sampling 210 / 416
Sampling 220 / 416
Sampling 230 / 416
Sampling 240 / 416
Sampling 250 / 416
Sampling 260 / 416
Sampling 270 / 416
Sampling 280 / 416
Sampling 290 / 416
Sampling 300 / 416
Sampling 310 / 416
Sampling 320 / 416
Sampling 330 / 416
Sampling 340 / 416
Sampling 350 / 416
Sampling 360 / 416
Sampling 370 / 416
Sampling 380 / 416
Sampling 390 / 416
Sampling 400 / 416
Sampling 410 / 416
=== [87/95] temp/E1_v5b/prompts/merged_tagged/826.mid
torch.Size([1, 1012, 32])
Sampling 80 / 416
Sampling 90 / 416
Sampling 100 / 416
Sampling 110 / 416
Sampling 120 / 416
Sampling 130 / 416
Sampling 140 / 416
Sampling 150 / 416
Sampling 160 / 416
Sampling 170 / 416
Sampling 180 / 416
Sampling 190 / 416
Sampling 200 / 416
Sampling 210 / 416
Sampling 220 / 416
Sampling 230 / 416
Sampling 240 / 416
Sampling 250 / 416
Sampling 260 / 416
Sampling 270 / 416
Sampling 280 / 416
Sampling 290 / 416
Sampling 300 / 416
Sampling 310 / 416
Sampling 320 / 416
Sampling 330 / 416
Sampling 340 / 416
Sampling 350 / 416
Sampling 360 / 416
Sampling 370 / 416
Sampling 380 / 416
Sampling 390 / 416
Sampling 400 / 416
Sampling 410 / 416
=== [88/95] temp/E1_v5b/prompts/merged_tagged/836.mid
torch.Size([1, 1148, 32])
Sampling 80 / 416
Sampling 90 / 416
Sampling 100 / 416
Sampling 110 / 416
Sampling 120 / 416
Sampling 130 / 416
Sampling 140 / 416
Sampling 150 / 416
Sampling 160 / 416
Sampling 170 / 416
Sampling 180 / 416
Sampling 190 / 416
Sampling 200 / 416
Sampling 210 / 416
Sampling 220 / 416
Sampling 230 / 416
Sampling 240 / 416
Sampling 250 / 416
Sampling 260 / 416
Sampling 270 / 416
Sampling 280 / 416
Sampling 290 / 416
Sampling 300 / 416
Sampling 310 / 416
Sampling 320 / 416
Sampling 330 / 416
Sampling 340 / 416
Sampling 350 / 416
Sampling 360 / 416
Sampling 370 / 416
Sampling 380 / 416
Sampling 390 / 416
Sampling 400 / 416
Sampling 410 / 416
=== [89/95] temp/E1_v5b/prompts/merged_tagged/846.mid
torch.Size([1, 1208, 32])
Sampling 80 / 416
Sampling 90 / 416
Sampling 100 / 416
Sampling 110 / 416
Sampling 120 / 416
Sampling 130 / 416
Sampling 140 / 416
Sampling 150 / 416
Sampling 160 / 416
Sampling 170 / 416
Sampling 180 / 416
Sampling 190 / 416
Sampling 200 / 416
Sampling 210 / 416
Sampling 220 / 416
Sampling 230 / 416
Sampling 240 / 416
Sampling 250 / 416
Sampling 260 / 416
Sampling 270 / 416
Sampling 280 / 416
Sampling 290 / 416
Sampling 300 / 416
Sampling 310 / 416
Sampling 320 / 416
Sampling 330 / 416
Sampling 340 / 416
Sampling 350 / 416
Sampling 360 / 416
Sampling 370 / 416
Sampling 380 / 416
Sampling 390 / 416
Sampling 400 / 416
Sampling 410 / 416
=== [90/95] temp/E1_v5b/prompts/merged_tagged/856.mid
torch.Size([1, 852, 32])
Sampling 80 / 416
Sampling 90 / 416
Sampling 100 / 416
Sampling 110 / 416
Sampling 120 / 416
Sampling 130 / 416
Sampling 140 / 416
Sampling 150 / 416
Sampling 160 / 416
Sampling 170 / 416
Sampling 180 / 416
Sampling 190 / 416
Sampling 200 / 416
Sampling 210 / 416
Sampling 220 / 416
Sampling 230 / 416
Sampling 240 / 416
Sampling 250 / 416
Sampling 260 / 416
Sampling 270 / 416
Sampling 280 / 416
Sampling 290 / 416
Sampling 300 / 416
Sampling 310 / 416
Sampling 320 / 416
Sampling 330 / 416
Sampling 340 / 416
Sampling 350 / 416
Sampling 360 / 416
Sampling 370 / 416
Sampling 380 / 416
Sampling 390 / 416
Sampling 400 / 416
Sampling 410 / 416
=== [91/95] temp/E1_v5b/prompts/merged_tagged/866.mid
torch.Size([1, 1292, 32])
Sampling 80 / 416
Sampling 90 / 416
Sampling 100 / 416
Sampling 110 / 416
Sampling 120 / 416
Sampling 130 / 416
Sampling 140 / 416
Sampling 150 / 416
Sampling 160 / 416
Sampling 170 / 416
Sampling 180 / 416
Sampling 190 / 416
Sampling 200 / 416
Sampling 210 / 416
Sampling 220 / 416
Sampling 230 / 416
Sampling 240 / 416
Sampling 250 / 416
Sampling 260 / 416
Sampling 270 / 416
Sampling 280 / 416
Sampling 290 / 416
Sampling 300 / 416
Sampling 310 / 416
Sampling 320 / 416
Sampling 330 / 416
Sampling 340 / 416
Sampling 350 / 416
Sampling 360 / 416
Sampling 370 / 416
Sampling 380 / 416
Sampling 390 / 416
Sampling 400 / 416
Sampling 410 / 416
=== [92/95] temp/E1_v5b/prompts/merged_tagged/876.mid
torch.Size([1, 1844, 32])
Sampling 80 / 416
Sampling 90 / 416
Sampling 100 / 416
Sampling 110 / 416
Sampling 120 / 416
Sampling 130 / 416
Sampling 140 / 416
Sampling 150 / 416
Sampling 160 / 416
Sampling 170 / 416
Sampling 180 / 416
Sampling 190 / 416
Sampling 200 / 416
Sampling 210 / 416
Sampling 220 / 416
Sampling 230 / 416
Sampling 240 / 416
Sampling 250 / 416
Sampling 260 / 416
Sampling 270 / 416
Sampling 280 / 416
Sampling 290 / 416
Sampling 300 / 416
Sampling 310 / 416
Sampling 320 / 416
Sampling 330 / 416
Sampling 340 / 416
Sampling 350 / 416
Sampling 360 / 416
Sampling 370 / 416
Sampling 380 / 416
Sampling 390 / 416
Sampling 400 / 416
Sampling 410 / 416
=== [93/95] temp/E1_v5b/prompts/merged_tagged/886.mid
torch.Size([1, 1636, 32])
Sampling 80 / 416
Sampling 90 / 416
Sampling 100 / 416
Sampling 110 / 416
Sampling 120 / 416
Sampling 130 / 416
Sampling 140 / 416
Sampling 150 / 416
Sampling 160 / 416
Sampling 170 / 416
Sampling 180 / 416
Sampling 190 / 416
Sampling 200 / 416
Sampling 210 / 416
Sampling 220 / 416
Sampling 230 / 416
Sampling 240 / 416
Sampling 250 / 416
Sampling 260 / 416
Sampling 270 / 416
Sampling 280 / 416
Sampling 290 / 416
Sampling 300 / 416
Sampling 310 / 416
Sampling 320 / 416
Sampling 330 / 416
Sampling 340 / 416
Sampling 350 / 416
Sampling 360 / 416
Sampling 370 / 416
Sampling 380 / 416
Sampling 390 / 416
Sampling 400 / 416
Sampling 410 / 416
=== [94/95] temp/E1_v5b/prompts/merged_tagged/896.mid
torch.Size([1, 1156, 32])
Sampling 80 / 416
Sampling 90 / 416
Sampling 100 / 416
Sampling 110 / 416
Sampling 120 / 416
Sampling 130 / 416
Sampling 140 / 416
Sampling 150 / 416
Sampling 160 / 416
Sampling 170 / 416
Sampling 180 / 416
Sampling 190 / 416
Sampling 200 / 416
Sampling 210 / 416
Sampling 220 / 416
Sampling 230 / 416
Sampling 240 / 416
Sampling 250 / 416
Sampling 260 / 416
Sampling 270 / 416
Sampling 280 / 416
Sampling 290 / 416
Sampling 300 / 416
Sampling 310 / 416
Sampling 320 / 416
Sampling 330 / 416
Sampling 340 / 416
Sampling 350 / 416
Sampling 360 / 416
Sampling 370 / 416
Sampling 380 / 416
Sampling 390 / 416
Sampling 400 / 416
Sampling 410 / 416
=== [95/95] temp/E1_v5b/prompts/merged_tagged/906.mid
torch.Size([1, 720, 32])
Sampling 80 / 416
Sampling 90 / 416
Sampling 100 / 416
Sampling 110 / 416
Sampling 120 / 416
Sampling 130 / 416
Sampling 140 / 416
Sampling 150 / 416
Sampling 160 / 416
Sampling 170 / 416
Sampling 180 / 416
Sampling 190 / 416
Sampling 200 / 416
Sampling 210 / 416
Sampling 220 / 416
Sampling 230 / 416
Sampling 240 / 416
Sampling 250 / 416
Sampling 260 / 416
Sampling 270 / 416
Sampling 280 / 416
Sampling 290 / 416
Sampling 300 / 416
Sampling 310 / 416
Sampling 320 / 416
Sampling 330 / 416
Sampling 340 / 416
Sampling 350 / 416
Sampling 360 / 416
Sampling 370 / 416
Sampling 380 / 416
Sampling 390 / 416
Sampling 400 / 416
Sampling 410 / 416
